<html>
<body>
<pre>
<h1>µVision Build Log</h1>
<h2>Tool Versions:</h2>
IDE-Version: ¦ÌVision V5.25.3.0
Copyright (C) 2018 ARM Ltd and ARM Germany GmbH. All rights reserved.
License Information: 1 1, 1, LIC=Y2BTG-VCZPD-BW62G-VTR1M-BBKKB-35EEP
 
Tool Versions:
Toolchain:       MDK-ARM Professional  Version: 5.24.1
Toolchain Path:  D:\Program Files (x86)\keil uVision5\ARM\ARMCC\Bin
C Compiler:      Armcc.exe V5.06 update 5 (build 528)
Assembler:       Armasm.exe V5.06 update 5 (build 528)
Linker/Locator:  ArmLink.exe V5.06 update 5 (build 528)
Library Manager: ArmAr.exe V5.06 update 5 (build 528)
Hex Converter:   FromElf.exe V5.06 update 5 (build 528)
CPU DLL:         SARMCM3.DLL V5.24.1
Dialog DLL:      DCM.DLL V1.16.0.0
Target DLL:      STLink\ST-LINKIII-KEIL_SWO.dll V3.0.1.0
Dialog DLL:      TCM.DLL V1.32.0.0
 
<h2>Project:</h2>
F:\BaiduNetdiskDownload\wsd\MDK-ARM\wsd.uvprojx
Project File Date:  03/24/2020

<h2>Output:</h2>
*** Using Compiler 'V5.06 update 5 (build 528)', folder: 'D:\Program Files (x86)\keil uVision5\ARM\ARMCC\Bin'
Rebuild target 'wsd'
assembling startup_stm32f103xb.s...
compiling stm32f1xx_it.c...
../Inc/oled.h(10): warning:  #1295-D: Deprecated declaration OLED_RESET - give arg types
  void OLED_RESET();
../Inc/oled.h(11): warning:  #1295-D: Deprecated declaration OLED_DC_Set - give arg types
  void OLED_DC_Set();
../Inc/oled.h(12): warning:  #1295-D: Deprecated declaration OLED_DC_Reset - give arg types
  void OLED_DC_Reset();
../Inc/oled.h(13): warning:  #1295-D: Deprecated declaration OLED_CS_Set - give arg types
  void OLED_CS_Set();
../Inc/oled.h(14): warning:  #1295-D: Deprecated declaration OLED_CS_Reset - give arg types
  void OLED_CS_Reset();
../Inc/oled.h(16): warning:  #1295-D: Deprecated declaration OLED_Clear - give arg types
  void OLED_Clear();
../Inc/oled.h(18): warning:  #1295-D: Deprecated declaration OLED_INIT - give arg types
  void OLED_INIT();
../Inc/oled.h(21): warning:  #1295-D: Deprecated declaration DataOut - give arg types
  void DataOut();
../Inc/oled.h(31): warning:  #1-D: last line of file ends without a newline
  /* USER CODE END 0 */
../Inc/DHT11.h(12): warning:  #1295-D: Deprecated declaration DHT11_rec_byte - give arg types
  char DHT11_rec_byte();
../Src/stm32f1xx_it.c: 10 warnings, 0 errors
compiling gpio.c...
compiling spi.c...
compiling usart.c...
../Inc/oled.h(10): warning:  #1295-D: Deprecated declaration OLED_RESET - give arg types
  void OLED_RESET();
../Inc/oled.h(11): warning:  #1295-D: Deprecated declaration OLED_DC_Set - give arg types
  void OLED_DC_Set();
../Inc/oled.h(12): warning:  #1295-D: Deprecated declaration OLED_DC_Reset - give arg types
  void OLED_DC_Reset();
../Inc/oled.h(13): warning:  #1295-D: Deprecated declaration OLED_CS_Set - give arg types
  void OLED_CS_Set();
../Inc/oled.h(14): warning:  #1295-D: Deprecated declaration OLED_CS_Reset - give arg types
  void OLED_CS_Reset();
../Inc/oled.h(16): warning:  #1295-D: Deprecated declaration OLED_Clear - give arg types
  void OLED_Clear();
../Inc/oled.h(18): warning:  #1295-D: Deprecated declaration OLED_INIT - give arg types
  void OLED_INIT();
../Inc/oled.h(21): warning:  #1295-D: Deprecated declaration DataOut - give arg types
  void DataOut();
../Inc/oled.h(31): warning:  #1-D: last line of file ends without a newline
  /* USER CODE END 0 */
../Inc/DHT11.h(12): warning:  #1295-D: Deprecated declaration DHT11_rec_byte - give arg types
  char DHT11_rec_byte();
../Src/usart.c: 10 warnings, 0 errors
compiling oled.c...
../Inc/DHT11.h(12): warning:  #1295-D: Deprecated declaration DHT11_rec_byte - give arg types
  char DHT11_rec_byte();
../Inc/oled.h(10): warning:  #1295-D: Deprecated declaration OLED_RESET - give arg types
  void OLED_RESET();
../Inc/oled.h(11): warning:  #1295-D: Deprecated declaration OLED_DC_Set - give arg types
  void OLED_DC_Set();
../Inc/oled.h(12): warning:  #1295-D: Deprecated declaration OLED_DC_Reset - give arg types
  void OLED_DC_Reset();
../Inc/oled.h(13): warning:  #1295-D: Deprecated declaration OLED_CS_Set - give arg types
  void OLED_CS_Set();
../Inc/oled.h(14): warning:  #1295-D: Deprecated declaration OLED_CS_Reset - give arg types
  void OLED_CS_Reset();
../Inc/oled.h(16): warning:  #1295-D: Deprecated declaration OLED_Clear - give arg types
  void OLED_Clear();
../Inc/oled.h(18): warning:  #1295-D: Deprecated declaration OLED_INIT - give arg types
  void OLED_INIT();
../Inc/oled.h(21): warning:  #1295-D: Deprecated declaration DataOut - give arg types
  void DataOut();
../Inc/oled.h(31): warning:  #1-D: last line of file ends without a newline
  /* USER CODE END 0 */
oled.c(269): warning:  #1-D: last line of file ends without a newline
  /* USER CODE END 0 */
oled.c: 11 warnings, 0 errors
compiling main.c...
../Inc/DHT11.h(12): warning:  #1295-D: Deprecated declaration DHT11_rec_byte - give arg types
  char DHT11_rec_byte();
../Inc/oled.h(10): warning:  #1295-D: Deprecated declaration OLED_RESET - give arg types
  void OLED_RESET();
../Inc/oled.h(11): warning:  #1295-D: Deprecated declaration OLED_DC_Set - give arg types
  void OLED_DC_Set();
../Inc/oled.h(12): warning:  #1295-D: Deprecated declaration OLED_DC_Reset - give arg types
  void OLED_DC_Reset();
../Inc/oled.h(13): warning:  #1295-D: Deprecated declaration OLED_CS_Set - give arg types
  void OLED_CS_Set();
../Inc/oled.h(14): warning:  #1295-D: Deprecated declaration OLED_CS_Reset - give arg types
  void OLED_CS_Reset();
../Inc/oled.h(16): warning:  #1295-D: Deprecated declaration OLED_Clear - give arg types
  void OLED_Clear();
../Inc/oled.h(18): warning:  #1295-D: Deprecated declaration OLED_INIT - give arg types
  void OLED_INIT();
../Inc/oled.h(21): warning:  #1295-D: Deprecated declaration DataOut - give arg types
  void DataOut();
../Inc/oled.h(31): warning:  #1-D: last line of file ends without a newline
  /* USER CODE END 0 */
../Inc/bmp.h(92): warning:  #1-D: last line of file ends without a newline
  	/* USER CODE END 0*/
../Src/main.c: 11 warnings, 0 errors
compiling DHT11.c...
../Inc/DHT11.h(12): warning:  #1295-D: Deprecated declaration DHT11_rec_byte - give arg types
  char DHT11_rec_byte();
DHT11.c(52): warning:  #550-D: variable "RH"  was set but never used
      char R_H,R_L,T_H,T_L,RH,RL,TH,TL,revise; 
DHT11.c(52): warning:  #550-D: variable "RL"  was set but never used
      char R_H,R_L,T_H,T_L,RH,RL,TH,TL,revise; 
DHT11.c(52): warning:  #550-D: variable "TH"  was set but never used
      char R_H,R_L,T_H,T_L,RH,RL,TH,TL,revise; 
DHT11.c(52): warning:  #550-D: variable "TL"  was set but never used
      char R_H,R_L,T_H,T_L,RH,RL,TH,TL,revise; 
DHT11.c(347): warning:  #1-D: last line of file ends without a newline
   
DHT11.c: 6 warnings, 0 errors
compiling stm32f1xx_hal_spi_ex.c...
compiling stm32f1xx_hal_msp.c...
compiling stm32f1xx_hal_gpio_ex.c...
compiling stm32f1xx_hal_tim.c...
compiling stm32f1xx_hal_spi.c...
compiling stm32f1xx_hal_tim_ex.c...
compiling stm32f1xx_hal_uart.c...
compiling stm32f1xx_hal_pwr.c...
compiling stm32f1xx_hal_cortex.c...
compiling stm32f1xx_hal.c...
compiling stm32f1xx_hal_dma.c...
compiling stm32f1xx_hal_rcc_ex.c...
compiling stm32f1xx_hal_rcc.c...
compiling stm32f1xx_hal_gpio.c...
compiling system_stm32f1xx.c...
compiling stm32f1xx_hal_flash_ex.c...
compiling stm32f1xx_hal_flash.c...
linking...
Program Size: Code=13096 RO-data=1968 RW-data=488 ZI-data=1176  
FromELF: creating hex file...
"wsd\wsd.axf" - 0 Error(s), 48 Warning(s).

<h2>Software Packages used:</h2>

Package Vendor: ARM
                http://www.keil.com/pack/ARM.CMSIS.5.0.1.pack
                ARM.CMSIS.5.0.1
                CMSIS (Cortex Microcontroller Software Interface Standard)
   * Component: CORE Version: 5.0.1

Package Vendor: Keil
                http://www.keil.com/pack/Keil.STM32F1xx_DFP.2.3.0.pack
                Keil.STM32F1xx_DFP.2.3.0
                STMicroelectronics STM32F1 Series Device Support, Drivers and Examples

<h2>Collection of Component include folders:</h2>
  .\RTE\_wsd
  D:\Program Files (x86)\keil uVision5\ARM\PACK\ARM\CMSIS\5.0.1\CMSIS\Include
  D:\Program Files (x86)\keil uVision5\ARM\PACK\Keil\STM32F1xx_DFP\2.3.0\Device\Include

<h2>Collection of Component Files used:</h2>

   * Component: ARM::CMSIS:CORE:5.0.1
Build Time Elapsed:  00:00:14
</pre>
</body>
</html>
